****************************************
Report : timing
	-path_type full
	-delay_type max
	-input_pins
	-nets
	-max_paths 1
	-transition_time
	-capacitance
	-sort_by slack
Design : vsdbabysoc
Version: T-2022.03-SP5-4
Date   : Mon Aug  5 15:48:45 2024
****************************************


  Startpoint: core/CPU_is_addi_a3_reg
               (rising edge-triggered flip-flop clocked by clk)
  Endpoint: core/CPU_Xreg_value_a4_reg[24][31]
               (rising edge-triggered flip-flop clocked by clk)
  Last common pin: pll/CLK
  Path Group: clk
  Path Type: max

  Point                                                          Fanout    Cap      Trans       Incr       Path
  ----------------------------------------------------------------------------------------------------------------
  clock clk (rise edge)                                                                       0.0000     0.0000
  clock network delay (propagated)                                                            0.4541     0.4541
  core/CPU_is_addi_a3_reg/CLK (sky130_fd_sc_hd__dfxtp_2)                           0.5158     0.0000     0.4541 r
  core/CPU_is_addi_a3_reg/Q (sky130_fd_sc_hd__dfxtp_2)                             0.1112     0.4850 &   0.9390 r
  core/CPU_is_addi_a3 (net)                                         4   0.0192 
  core/ctmTdsLR_1_882/A_N (sky130_fd_sc_hd__nand2b_1)                              0.1115     0.0039 &   0.9429 r
  core/ctmTdsLR_1_882/Y (sky130_fd_sc_hd__nand2b_1)                                0.0473     0.1115 &   1.0544 r
  core/n146 (net)                                                   1   0.0026 
  core/U51/B (sky130_fd_sc_hd__nand2_1)                                            0.0473     0.0005 &   1.0549 r
  core/U51/Y (sky130_fd_sc_hd__nand2_1)                                            0.0895     0.0912 &   1.1462 f
  core/n206 (net)                                                   2   0.0112 
  core/ZBUF_2476_inst_8882/A (sky130_fd_sc_hd__clkbuf_2)                           0.0897     0.0023 &   1.1485 f
  core/ZBUF_2476_inst_8882/X (sky130_fd_sc_hd__clkbuf_2)                           0.0581     0.1463 &   1.2947 f
  core/ZBUF_2476_43 (net)                                           2   0.0120 
  core/gre_mt_inst_12006/A (sky130_fd_sc_hd__buf_6)                                0.0583     0.0031 &   1.2978 f
  core/gre_mt_inst_12006/X (sky130_fd_sc_hd__buf_6)                                0.0308     0.1230 &   1.4208 f
  core/gre_net_993 (net)                                            2   0.0126 
  core/gre_mt_inst_11842/A (sky130_fd_sc_hd__clkbuf_1)                             0.0310     0.0027 &   1.4235 f
  core/gre_mt_inst_11842/X (sky130_fd_sc_hd__clkbuf_1)                             0.0370     0.0902 &   1.5137 f
  core/gre_net_829 (net)                                            1   0.0047 
  core/ropt_mt_inst_12401/A (sky130_fd_sc_hd__buf_6)                               0.0371     0.0010 &   1.5147 f
  core/ropt_mt_inst_12401/X (sky130_fd_sc_hd__buf_6)                               0.0365     0.1174 &   1.6320 f
  core/ropt_net_1350 (net)                                          5   0.0167 
  core/ctmTdsLR_1_897/B1 (sky130_fd_sc_hd__a22oi_2)                                0.0369     0.0036 &   1.6356 f
  core/ctmTdsLR_1_897/Y (sky130_fd_sc_hd__a22oi_2)                                 0.2295     0.1824 &   1.8180 r
  core/tmp_net3 (net)                                               1   0.0124 
  core/ctmTdsLR_2_898/B (sky130_fd_sc_hd__xnor2_2)                                 0.2301     0.0035 &   1.8215 r
  core/ctmTdsLR_2_898/Y (sky130_fd_sc_hd__xnor2_2)                                 0.0762     0.1091 &   1.9306 f
  core/n210 (net)                                                   2   0.0097 
  core/ctmTdsLR_1_954/A1 (sky130_fd_sc_hd__a21boi_2)                               0.0764     0.0024 &   1.9330 f
  core/ctmTdsLR_1_954/Y (sky130_fd_sc_hd__a21boi_2)                                0.1871     0.2002 &   2.1332 r
  core/n809 (net)                                                   2   0.0127 
  core/U571/A2 (sky130_fd_sc_hd__o21ai_2)                                          0.1874     0.0031 &   2.1364 r
  core/U571/Y (sky130_fd_sc_hd__o21ai_2)                                           0.0714     0.0975 &   2.2339 f
  core/n791 (net)                                                   2   0.0111 
  core/ctmTdsLR_1_960/A1 (sky130_fd_sc_hd__a21boi_2)                               0.0718     0.0026 &   2.2365 f
  core/ctmTdsLR_1_960/Y (sky130_fd_sc_hd__a21boi_2)                                0.1671     0.1830 &   2.4195 r
  core/n774 (net)                                                   2   0.0108 
  core/U576/A2 (sky130_fd_sc_hd__o21ai_2)                                          0.1673     0.0027 &   2.4222 r
  core/U576/Y (sky130_fd_sc_hd__o21ai_2)                                           0.0658     0.0900 &   2.5122 f
  core/n755 (net)                                                   2   0.0098 
  core/ctmTdsLR_1_970/A1 (sky130_fd_sc_hd__a21boi_2)                               0.0661     0.0024 &   2.5146 f
  core/ctmTdsLR_1_970/Y (sky130_fd_sc_hd__a21boi_2)                                0.1785     0.1896 &   2.7042 r
  core/n740 (net)                                                   2   0.0119 
  core/U583/A2 (sky130_fd_sc_hd__o21ai_2)                                          0.1787     0.0029 &   2.7071 r
  core/U583/Y (sky130_fd_sc_hd__o21ai_2)                                           0.0461     0.0714 &   2.7786 f
  core/n722 (net)                                                   1   0.0045 
  core/gre_mt_inst_11845/A (sky130_fd_sc_hd__clkbuf_2)                             0.0461     0.0007 &   2.7793 f
  core/gre_mt_inst_11845/X (sky130_fd_sc_hd__clkbuf_2)                             0.0675     0.1341 &   2.9134 f
  core/gre_net_832 (net)                                            1   0.0146 
  core/gre_mt_inst_11844/A (sky130_fd_sc_hd__clkbuf_1)                             0.0678     0.0033 &   2.9167 f
  core/gre_mt_inst_11844/X (sky130_fd_sc_hd__clkbuf_1)                             0.0452     0.1136 &   3.0303 f
  core/gre_net_831 (net)                                            1   0.0063 
  core/ropt_mt_inst_12404/A (sky130_fd_sc_hd__buf_6)                               0.0452     0.0012 &   3.0315 f
  core/ropt_mt_inst_12404/X (sky130_fd_sc_hd__buf_6)                               0.0374     0.1237 &   3.1552 f
  core/ropt_net_1353 (net)                                          2   0.0195 
  core/ctmTdsLR_1_975/A1 (sky130_fd_sc_hd__a21boi_4)                               0.0381     0.0045 &   3.1597 f
  core/ctmTdsLR_1_975/Y (sky130_fd_sc_hd__a21boi_4)                                0.1543     0.1565 &   3.3162 r
  core/n707 (net)                                                   2   0.0134 
  core/U589/A2 (sky130_fd_sc_hd__o21ai_2)                                          0.1547     0.0031 &   3.3193 r
  core/U589/Y (sky130_fd_sc_hd__o21ai_2)                                           0.0585     0.0741 &   3.3933 f
  core/n689 (net)                                                   1   0.0059 
  core/ropt_mt_inst_12190/A (sky130_fd_sc_hd__buf_6)                               0.0585     0.0012 &   3.3945 f
  core/ropt_mt_inst_12190/X (sky130_fd_sc_hd__buf_6)                               0.0376     0.1296 &   3.5242 f
  core/ropt_net_1139 (net)                                          2   0.0196 
  core/ctmTdsLR_1_976/A1 (sky130_fd_sc_hd__a21boi_4)                               0.0383     0.0050 &   3.5291 f
  core/ctmTdsLR_1_976/Y (sky130_fd_sc_hd__a21boi_4)                                0.1393     0.1451 &   3.6742 r
  core/n674 (net)                                                   2   0.0111 
  core/U213/A2 (sky130_fd_sc_hd__o21ai_2)                                          0.1396     0.0027 &   3.6770 r
  core/U213/Y (sky130_fd_sc_hd__o21ai_2)                                           0.0707     0.0875 &   3.7645 f
  core/n656 (net)                                                   2   0.0107 
  core/ctmTdsLR_1_977/A1 (sky130_fd_sc_hd__a21boi_2)                               0.0710     0.0025 &   3.7670 f
  core/ctmTdsLR_1_977/Y (sky130_fd_sc_hd__a21boi_2)                                0.1806     0.1932 &   3.9603 r
  core/n641 (net)                                                   2   0.0121 
  core/U210/A2 (sky130_fd_sc_hd__o21ai_2)                                          0.1808     0.0028 &   3.9631 r
  core/U210/Y (sky130_fd_sc_hd__o21ai_2)                                           0.0690     0.0952 &   4.0583 f
  core/n623 (net)                                                   2   0.0107 
  core/ctmTdsLR_1_978/A1 (sky130_fd_sc_hd__a21boi_2)                               0.0693     0.0026 &   4.0609 f
  core/ctmTdsLR_1_978/Y (sky130_fd_sc_hd__a21boi_2)                                0.1143     0.1432 &   4.2041 r
  core/n608 (net)                                                   1   0.0061 
  core/gre_mt_inst_11368/A (sky130_fd_sc_hd__clkbuf_1)                             0.1143     0.0010 &   4.2051 r
  core/gre_mt_inst_11368/X (sky130_fd_sc_hd__clkbuf_1)                             0.2089     0.2092 &   4.4143 r
  core/gre_net_355 (net)                                            2   0.0166 
  core/U209/A2 (sky130_fd_sc_hd__o21ai_2)                                          0.2094     0.0038 &   4.4181 r
  core/U209/Y (sky130_fd_sc_hd__o21ai_2)                                           0.0834     0.1115 &   4.5295 f
  core/n590 (net)                                                   2   0.0141 
  core/ctmTdsLR_1_979/A1 (sky130_fd_sc_hd__a21boi_2)                               0.0839     0.0032 &   4.5327 f
  core/ctmTdsLR_1_979/Y (sky130_fd_sc_hd__a21boi_2)                                0.1798     0.1975 &   4.7302 r
  core/n575 (net)                                                   2   0.0120 
  core/U215/A2 (sky130_fd_sc_hd__o21ai_2)                                          0.1801     0.0029 &   4.7331 r
  core/U215/Y (sky130_fd_sc_hd__o21ai_2)                                           0.0677     0.0925 &   4.8257 f
  core/n557 (net)                                                   2   0.0099 
  core/ctmTdsLR_1_980/A (sky130_fd_sc_hd__nand2_1)                                 0.0679     0.0021 &   4.8278 f
  core/ctmTdsLR_1_980/Y (sky130_fd_sc_hd__nand2_1)                                 0.0507     0.0655 &   4.8932 r
  core/tmp_net35 (net)                                              1   0.0032 
  core/ctmTdsLR_2_981/A (sky130_fd_sc_hd__nand2_1)                                 0.0508     0.0006 &   4.8938 r
  core/ctmTdsLR_2_981/Y (sky130_fd_sc_hd__nand2_1)                                 0.0533     0.0623 &   4.9561 f
  core/n541 (net)                                                   1   0.0060 
  core/U942/CI (sky130_fd_sc_hd__fah_1)                                            0.0533     0.0010 &   4.9571 f
  core/U942/COUT (sky130_fd_sc_hd__fah_1)                                          0.0995     0.2933 &   5.2504 f
  core/n527 (net)                                                   2   0.0120 
  core/ctmTdsLR_1_982/A (sky130_fd_sc_hd__nand2_1)                                 0.0997     0.0024 &   5.2528 f
  core/ctmTdsLR_1_982/Y (sky130_fd_sc_hd__nand2_1)                                 0.0603     0.0845 &   5.3373 r
  core/tmp_net36 (net)                                              1   0.0040 
  core/ctmTdsLR_2_983/A (sky130_fd_sc_hd__nand2_1)                                 0.0603     0.0007 &   5.3381 r
  core/ctmTdsLR_2_983/Y (sky130_fd_sc_hd__nand2_1)                                 0.0587     0.0669 &   5.4049 f
  core/n511 (net)                                                   1   0.0063 
  core/U905/CI (sky130_fd_sc_hd__fah_1)                                            0.0587     0.0010 &   5.4059 f
  core/U905/COUT (sky130_fd_sc_hd__fah_1)                                          0.0656     0.2508 &   5.6567 f
  core/n497 (net)                                                   1   0.0041 
  core/U887/CI (sky130_fd_sc_hd__fah_1)                                            0.0656     0.0007 &   5.6574 f
  core/U887/COUT (sky130_fd_sc_hd__fah_1)                                          0.0972     0.2968 &   5.9542 f
  core/n965 (net)                                                   1   0.0115 
  core/U1370/CI (sky130_fd_sc_hd__fah_1)                                           0.0973     0.0023 &   5.9565 f
  core/U1370/COUT (sky130_fd_sc_hd__fah_1)                                         0.0701     0.2760 &   6.2325 f
  core/n483 (net)                                                   1   0.0053 
  core/U36/CI (sky130_fd_sc_hd__fah_1)                                             0.0702     0.0009 &   6.2334 f
  core/U36/COUT (sky130_fd_sc_hd__fah_1)                                           0.1032     0.3047 &   6.5381 f
  core/n469 (net)                                                   2   0.0129 
  core/U87/A (sky130_fd_sc_hd__clkinv_2)                                           0.1036     0.0030 &   6.5411 f
  core/U87/Y (sky130_fd_sc_hd__clkinv_2)                                           0.0421     0.0683 &   6.6094 r
  core/n257 (net)                                                   1   0.0062 
  core/U613/A2 (sky130_fd_sc_hd__o21ai_2)                                          0.0422     0.0012 &   6.6106 r
  core/U613/Y (sky130_fd_sc_hd__o21ai_2)                                           0.0565     0.0553 &   6.6659 f
  core/n452 (net)                                                   1   0.0072 
  core/U352/CI (sky130_fd_sc_hd__fah_1)                                            0.0565     0.0011 &   6.6671 f
  core/U352/COUT (sky130_fd_sc_hd__fah_1)                                          0.0767     0.2685 &   6.9356 f
  core/n438 (net)                                                   1   0.0070 
  core/U348/CI (sky130_fd_sc_hd__fah_1)                                            0.0767     0.0011 &   6.9367 f
  core/U348/COUT (sky130_fd_sc_hd__fah_1)                                          0.0680     0.2629 &   7.1996 f
  core/n407 (net)                                                   1   0.0047 
  core/U35/CI (sky130_fd_sc_hd__fah_1)                                             0.0680     0.0008 &   7.2004 f
  core/U35/COUT (sky130_fd_sc_hd__fah_1)                                           0.0814     0.2816 &   7.4820 f
  core/n382 (net)                                                   1   0.0082 
  core/U33/CI (sky130_fd_sc_hd__fah_1)                                             0.0814     0.0013 &   7.4833 f
  core/U33/COUT (sky130_fd_sc_hd__fah_1)                                           0.1041     0.3109 &   7.7941 f
  core/n357 (net)                                                   2   0.0131 
  core/ctmTdsLR_1_987/A (sky130_fd_sc_hd__nand2_2)                                 0.1046     0.0030 &   7.7972 f
  core/ctmTdsLR_1_987/Y (sky130_fd_sc_hd__nand2_2)                                 0.0514     0.0805 &   7.8777 r
  core/tmp_net38 (net)                                              1   0.0051 
  core/ctmTdsLR_2_988/A (sky130_fd_sc_hd__nand2_2)                                 0.0515     0.0011 &   7.8788 r
  core/ctmTdsLR_2_988/Y (sky130_fd_sc_hd__nand2_2)                                 0.0377     0.0474 &   7.9262 f
  core/n330 (net)                                                   1   0.0056 
  core/U347/CI (sky130_fd_sc_hd__fah_1)                                            0.0377     0.0009 &   7.9271 f
  core/U347/COUT (sky130_fd_sc_hd__fah_1)                                          0.0733     0.2550 &   8.1821 f
  core/n305 (net)                                                   1   0.0062 
  core/U351/CIN (sky130_fd_sc_hd__fa_2)                                            0.0734     0.0013 &   8.1833 f
  core/U351/COUT (sky130_fd_sc_hd__fa_2)                                           0.0780     0.3588 &   8.5421 f
  core/n262 (net)                                                   1   0.0086 
  core/U617/B (sky130_fd_sc_hd__xor2_2)                                            0.0780     0.0009 &   8.5431 f
  core/U617/X (sky130_fd_sc_hd__xor2_2)                                            0.2237     0.2139 &   8.7570 r
  core/n286 (net)                                                   2   0.0144 
  core/U618/A (sky130_fd_sc_hd__nand2_2)                                           0.2243     0.0036 &   8.7606 r
  core/U618/Y (sky130_fd_sc_hd__nand2_2)                                           0.0894     0.1054 &   8.8660 f
  core/n284 (net)                                                   1   0.0114 
  core/gre_mt_inst_11664/A (sky130_fd_sc_hd__buf_6)                                0.0896     0.0030 &   8.8690 f
  core/gre_mt_inst_11664/X (sky130_fd_sc_hd__buf_6)                                0.0378     0.1456 &   9.0146 f
  core/gre_net_651 (net)                                            4   0.0203 
  core/gre_mt_inst_11663/A (sky130_fd_sc_hd__clkbuf_1)                             0.0383     0.0038 &   9.0185 f
  core/gre_mt_inst_11663/X (sky130_fd_sc_hd__clkbuf_1)                             0.0424     0.0982 &   9.1167 f
  core/gre_net_650 (net)                                            1   0.0058 
  core/ropt_mt_inst_12447/A (sky130_fd_sc_hd__buf_6)                               0.0425     0.0012 &   9.1178 f
  core/ropt_mt_inst_12447/X (sky130_fd_sc_hd__buf_6)                               0.0388     0.1241 &   9.2420 f
  core/ropt_net_1396 (net)                                          4   0.0211 
  core/gre_mt_inst_11662/A (sky130_fd_sc_hd__clkbuf_1)                             0.0394     0.0044 &   9.2464 f
  core/gre_mt_inst_11662/X (sky130_fd_sc_hd__clkbuf_1)                             0.0690     0.1177 &   9.3641 f
  core/gre_net_649 (net)                                            2   0.0102 
  core/ropt_mt_inst_12479/A (sky130_fd_sc_hd__buf_6)                               0.0691     0.0025 &   9.3666 f
  core/ropt_mt_inst_12479/X (sky130_fd_sc_hd__buf_6)                               0.0354     0.1326 &   9.4992 f
  core/ropt_net_1428 (net)                                          3   0.0171 
  core/gre_mt_inst_11661/A (sky130_fd_sc_hd__buf_6)                                0.0358     0.0038 &   9.5030 f
  core/gre_mt_inst_11661/X (sky130_fd_sc_hd__buf_6)                                0.0355     0.1160 &   9.6190 f
  core/gre_net_648 (net)                                            4   0.0159 
  core/gre_mt_inst_11660/A (sky130_fd_sc_hd__buf_6)                                0.0358     0.0035 &   9.6225 f
  core/gre_mt_inst_11660/X (sky130_fd_sc_hd__buf_6)                                0.0408     0.1230 &   9.7455 f
  core/gre_net_647 (net)                                            3   0.0234 
  core/U650/B2 (sky130_fd_sc_hd__o22ai_4)                                          0.0415     0.0050 &   9.7505 f
  core/U650/Y (sky130_fd_sc_hd__o22ai_4)                                           0.1674     0.1163 &   9.8668 r
  core/n3072 (net)                                                  1   0.0107 
  core/CPU_Xreg_value_a4_reg[24][31]/D (sky130_fd_sc_hd__dfxtp_4)                  0.1677     0.0021 &   9.8688 r
  data arrival time                                                                                      9.8688

  clock clk (rise edge)                                                                      10.0000    10.0000
  clock network delay (propagated)                                                            0.4425    10.4425
  clock reconvergence pessimism                                                               0.0000    10.4425
  clock uncertainty                                                                          -0.5000     9.9425
  core/CPU_Xreg_value_a4_reg[24][31]/CLK (sky130_fd_sc_hd__dfxtp_4)                                      9.9425 r
  library setup time                                                                         -0.0695     9.8730
  data required time                                                                                     9.8730
  ----------------------------------------------------------------------------------------------------------------
  data required time                                                                                     9.8730
  data arrival time                                                                                     -9.8688
  ----------------------------------------------------------------------------------------------------------------
  slack (MET)                                                                                            0.0042


1
